
连接器　版本8.7.5.171218
Input Object File: C:\Users\cdh\AppData\Local\Temp\BS82D20A_LIBV413.OBJ
Input Object File: F:\SVNRepo\Project\BS82D20A_AOPU_5KEY\OUTPUT\USER_PROGRAM.OBJ
Input Object File: F:\SVNRepo\Project\BS82D20A_AOPU_5KEY\OUTPUT\MAIN_PROGRAM_V103.OBJ
Input Object File: F:\SVNRepo\Project\BS82D20A_AOPU_5KEY\OUTPUT\APPMAIN.OBJ
Input Object File: F:\SVNRepo\Project\BS82D20A_AOPU_5KEY\OUTPUT\KEY.OBJ
Input Object File: F:\SVNRepo\Project\BS82D20A_AOPU_5KEY\OUTPUT\LED.OBJ
Input Object File: F:\SVNRepo\Project\BS82D20A_AOPU_5KEY\OUTPUT\SELFTEST.OBJ
Input Object File: F:\SVNRepo\Project\BS82D20A_AOPU_5KEY\OUTPUT\TIMER.OBJ
Input Object File: F:\SVNRepo\Project\BS82D20A_AOPU_5KEY\OUTPUT\UART.OBJ
Input Object File: F:\SVNRepo\Project\BS82D20A_AOPU_5KEY\OUTPUT\STARTUP1_L.OBJ

Input Library File: D:\Program Files\HT-IDE3000V7.x\HT-IDE3000V7.x\LIB\LIBHOLTEKGCC.LIB
Input Library File: D:\Program Files\HT-IDE3000V7.x\HT-IDE3000V7.x\LIB\v3_tabrd_mrsc.lib


     Bank    Start     End      Length     Class    AvgIns    Name
     00h     0000h     0003h    0004h      CODE               PROGRAM_ENTRY (F:\SVNRepo\Project\BS82D20A_AOPU_5KEY\OUTPUT\MAIN_PROGRAM_V103.OBJ)
     00h     0004h     0007h    0004h      CODE               @Interrupt_Extemal_code (F:\SVNRepo\Project\BS82D20A_AOPU_5KEY\OUTPUT\USER_PROGRAM.OBJ)
     00h     0008h     0008h    0001h      CODE               TOUCH_INT (C:\Users\cdh\AppData\Local\Temp\BS82D20A_LIBV413.OBJ)
     00h     0009h     0009h    0001h      CODE               LIBRARY_VERSION (C:\Users\cdh\AppData\Local\Temp\BS82D20A_LIBV413.OBJ)
     00h     000ah     000ah    0001h      CODE               _KeyInit (F:\SVNRepo\Project\BS82D20A_AOPU_5KEY\OUTPUT\KEY.OBJ)
     00h     000bh     000bh    0001h      CODE               _LedInit (F:\SVNRepo\Project\BS82D20A_AOPU_5KEY\OUTPUT\LED.OBJ)
     00h     000ch     000fh    0004h      CODE               TIME_BASE_INT (C:\Users\cdh\AppData\Local\Temp\BS82D20A_LIBV413.OBJ)
     00h     0010h     0013h    0004h      CODE               @Interrupt_CTM0P_code (F:\SVNRepo\Project\BS82D20A_AOPU_5KEY\OUTPUT\USER_PROGRAM.OBJ)
     00h     0014h     0017h    0004h      CODE               @Interrupt_CTM0A_code (F:\SVNRepo\Project\BS82D20A_AOPU_5KEY\OUTPUT\USER_PROGRAM.OBJ)
     00h     0018h     001bh    0004h      CODE               @Interrupt_PTM1A_code (F:\SVNRepo\Project\BS82D20A_AOPU_5KEY\OUTPUT\USER_PROGRAM.OBJ)
     00h     001ch     0520h    0505h      CODE               TKS_LIBRARY_CODE (C:\Users\cdh\AppData\Local\Temp\BS82D20A_LIBV413.OBJ)
     00h     0521h     0599h    0079h      CODE               MAIN_PROGRAM (F:\SVNRepo\Project\BS82D20A_AOPU_5KEY\OUTPUT\MAIN_PROGRAM_V103.OBJ)
     00h     059ah     05afh    0016h      CODE               @crom (F:\SVNRepo\Project\BS82D20A_AOPU_5KEY\OUTPUT\UART.OBJ)
     00h     05b0h     05b3h    0004h      CODE               @ROMDATA_BASE (F:\SVNRepo\Project\BS82D20A_AOPU_5KEY\OUTPUT\KEY.OBJ)
     00h     05b4h     05b8h    0005h      CODE               _Interrupt_Extemal (F:\SVNRepo\Project\BS82D20A_AOPU_5KEY\OUTPUT\USER_PROGRAM.OBJ)
     00h     05b9h     05bdh    0005h      CODE               _Interrupt_CTM0P (F:\SVNRepo\Project\BS82D20A_AOPU_5KEY\OUTPUT\USER_PROGRAM.OBJ)
     00h     05beh     0634h    0077h      CODE               _Interrupt_CTM0A (F:\SVNRepo\Project\BS82D20A_AOPU_5KEY\OUTPUT\USER_PROGRAM.OBJ)
     00h     0635h     0639h    0005h      CODE               _Interrupt_PTM1A (F:\SVNRepo\Project\BS82D20A_AOPU_5KEY\OUTPUT\USER_PROGRAM.OBJ)
     00h     063ah     0648h    000fh      CODE               _USER_PROGRAM_INITIAL (F:\SVNRepo\Project\BS82D20A_AOPU_5KEY\OUTPUT\USER_PROGRAM.OBJ)
     00h     0649h     0651h    0009h      CODE               _USER_PROGRAM (F:\SVNRepo\Project\BS82D20A_AOPU_5KEY\OUTPUT\USER_PROGRAM.OBJ)
     00h     0652h     0672h    0021h      CODE               _AppMainInit (F:\SVNRepo\Project\BS82D20A_AOPU_5KEY\OUTPUT\APPMAIN.OBJ)
     00h     0673h     0678h    0006h      CODE               _PeripheralSetAirBlow (F:\SVNRepo\Project\BS82D20A_AOPU_5KEY\OUTPUT\APPMAIN.OBJ)
     00h     0679h     067fh    0007h      CODE               _PeripheralUnsetAirBlow (F:\SVNRepo\Project\BS82D20A_AOPU_5KEY\OUTPUT\APPMAIN.OBJ)
     00h     0680h     0686h    0007h      CODE               _PeripheralSetAirHeating (F:\SVNRepo\Project\BS82D20A_AOPU_5KEY\OUTPUT\APPMAIN.OBJ)
     00h     0687h     0689h    0003h      CODE               _PeripheralUnsetAirHeating (F:\SVNRepo\Project\BS82D20A_AOPU_5KEY\OUTPUT\APPMAIN.OBJ)
     00h     068ah     068fh    0006h      CODE               _PeripheralSetAirChange (F:\SVNRepo\Project\BS82D20A_AOPU_5KEY\OUTPUT\APPMAIN.OBJ)
     00h     0690h     0692h    0003h      CODE               _PeripheralUnsetAirChange (F:\SVNRepo\Project\BS82D20A_AOPU_5KEY\OUTPUT\APPMAIN.OBJ)
     00h     0693h     0696h    0004h      CODE               _PeripheralSetLightHeating (F:\SVNRepo\Project\BS82D20A_AOPU_5KEY\OUTPUT\APPMAIN.OBJ)
     00h     0697h     0699h    0003h      CODE               _PeripheralUnsetLightHeating (F:\SVNRepo\Project\BS82D20A_AOPU_5KEY\OUTPUT\APPMAIN.OBJ)
     00h     069ah     0736h    009dh      CODE               _PeripheralSet (F:\SVNRepo\Project\BS82D20A_AOPU_5KEY\OUTPUT\APPMAIN.OBJ)
     00h     0737h     07aah    0074h      CODE               _AppTimerRun (F:\SVNRepo\Project\BS82D20A_AOPU_5KEY\OUTPUT\APPMAIN.OBJ)
     00h     07abh     07c6h    001ch      CODE               _BuzzDeal (F:\SVNRepo\Project\BS82D20A_AOPU_5KEY\OUTPUT\APPMAIN.OBJ)
     00h     07c7h     0918h    0152h      CODE               _AppTask (F:\SVNRepo\Project\BS82D20A_AOPU_5KEY\OUTPUT\APPMAIN.OBJ)
     00h     0919h     093fh    0027h      CODE               _readKey (F:\SVNRepo\Project\BS82D20A_AOPU_5KEY\OUTPUT\KEY.OBJ)
     00h     0940h     0947h    0008h      CODE               _KeyDetect (F:\SVNRepo\Project\BS82D20A_AOPU_5KEY\OUTPUT\KEY.OBJ)
     00h     0948h     09b0h    0069h      CODE               _KeyScan (F:\SVNRepo\Project\BS82D20A_AOPU_5KEY\OUTPUT\KEY.OBJ)
     00h     09b1h     09bch    000ch      CODE               _GetKeyMsg (F:\SVNRepo\Project\BS82D20A_AOPU_5KEY\OUTPUT\KEY.OBJ)
     00h     09bdh     09bfh    0003h      CODE               _LED_STANDBY_ON (F:\SVNRepo\Project\BS82D20A_AOPU_5KEY\OUTPUT\LED.OBJ)
     00h     09c0h     09c2h    0003h      CODE               _LED_STANDBY_OFF (F:\SVNRepo\Project\BS82D20A_AOPU_5KEY\OUTPUT\LED.OBJ)
     00h     09c3h     09c9h    0007h      CODE               _LedAllOn (F:\SVNRepo\Project\BS82D20A_AOPU_5KEY\OUTPUT\LED.OBJ)
     00h     09cah     09d0h    0007h      CODE               _LedAllOff (F:\SVNRepo\Project\BS82D20A_AOPU_5KEY\OUTPUT\LED.OBJ)
     00h     09d1h     09d8h    0008h      CODE               _LedShowModle (F:\SVNRepo\Project\BS82D20A_AOPU_5KEY\OUTPUT\LED.OBJ)
     00h     09d9h     0a33h    005bh      CODE               _LedShowCycle (F:\SVNRepo\Project\BS82D20A_AOPU_5KEY\OUTPUT\LED.OBJ)
     00h     0a34h     0a8dh    005ah      CODE               _JKShowCycle (F:\SVNRepo\Project\BS82D20A_AOPU_5KEY\OUTPUT\LED.OBJ)
     00h     0a8eh     0b14h    0087h      CODE               _KeyShowCycle (F:\SVNRepo\Project\BS82D20A_AOPU_5KEY\OUTPUT\LED.OBJ)
     00h     0b15h     0b19h    0005h      CODE               _BuzzMs (F:\SVNRepo\Project\BS82D20A_AOPU_5KEY\OUTPUT\LED.OBJ)
     00h     0b1ah     0b25h    000ch      CODE               _BuzzIsr (F:\SVNRepo\Project\BS82D20A_AOPU_5KEY\OUTPUT\LED.OBJ)
     00h     0b26h     0b35h    0010h      CODE               _TimerInit (F:\SVNRepo\Project\BS82D20A_AOPU_5KEY\OUTPUT\TIMER.OBJ)
     00h     0b36h     0b43h    000eh      CODE               _PTM0AInit (F:\SVNRepo\Project\BS82D20A_AOPU_5KEY\OUTPUT\TIMER.OBJ)
     00h     0b44h     0b45h    0002h      CODE               _PTM0A_Start (F:\SVNRepo\Project\BS82D20A_AOPU_5KEY\OUTPUT\TIMER.OBJ)
     00h     0b46h     0b47h    0002h      CODE               _PTM0A_Stop (F:\SVNRepo\Project\BS82D20A_AOPU_5KEY\OUTPUT\TIMER.OBJ)
     00h     0b48h     0b58h    0011h      CODE               _APP_TIMER_Expired (F:\SVNRepo\Project\BS82D20A_AOPU_5KEY\OUTPUT\TIMER.OBJ)
     00h     0b59h     0b64h    000ch      CODE               _APP_TIMER_Set (F:\SVNRepo\Project\BS82D20A_AOPU_5KEY\OUTPUT\TIMER.OBJ)
     00h     0b65h     0b6ah    0006h      CODE               _UART_SendByte (F:\SVNRepo\Project\BS82D20A_AOPU_5KEY\OUTPUT\UART.OBJ)
     00h     0b6bh     0b79h    000fh      CODE               _DebugString (F:\SVNRepo\Project\BS82D20A_AOPU_5KEY\OUTPUT\UART.OBJ)
     00h     0b7ah     0b84h    000bh      CODE               _UartInitial (F:\SVNRepo\Project\BS82D20A_AOPU_5KEY\OUTPUT\UART.OBJ)
     00h     0b85h     0b94h    0010h      CODE               _CROM2PROM (CROM2PROM)
     00h     0080h     00b4h    0035h      DATA     0.5471    TKS_LIBRARY_DATA0 (C:\Users\cdh\AppData\Local\Temp\BS82D20A_LIBV413.OBJ)
     00h     00b5h     00b6h    0002h      DATA     3         MAIN_DATA (F:\SVNRepo\Project\BS82D20A_AOPU_5KEY\OUTPUT\MAIN_PROGRAM_V103.OBJ)
     00h     00b7h     00d3h    001dh      DATA     8.4828    @HCCINIT0 (F:\SVNRepo\Project\BS82D20A_AOPU_5KEY\OUTPUT\APPMAIN.OBJ)
     00h     00d4h     00d5h    0002h      DATA     6         @HCCINIT (F:\SVNRepo\Project\BS82D20A_AOPU_5KEY\OUTPUT\KEY.OBJ)
     00h     00d6h     00d7h    0002h      DATA     5         @HCCINIT0 (F:\SVNRepo\Project\BS82D20A_AOPU_5KEY\OUTPUT\KEY.OBJ)
     00h     00d8h     00dah    0003h      DATA     2.3333    @HCCINIT0 (F:\SVNRepo\Project\BS82D20A_AOPU_5KEY\OUTPUT\LED.OBJ)
     00h     00dbh     00dbh    0001h      DATA     56        @data_ra (D:\Program Files\HT-IDE3000V7.x\HT-IDE3000V7.x\LIB\LIBHOLTEKGCC.LIB)
     00h     00dch     00dch    0001h      DATA     6         @data_rb (D:\Program Files\HT-IDE3000V7.x\HT-IDE3000V7.x\LIB\LIBHOLTEKGCC.LIB)
     00h     00ddh     00ddh    0001h      DATA     2         @data_rd (D:\Program Files\HT-IDE3000V7.x\HT-IDE3000V7.x\LIB\LIBHOLTEKGCC.LIB)
     00h     00deh     00deh    0001h      DATA     2         @data_re (D:\Program Files\HT-IDE3000V7.x\HT-IDE3000V7.x\LIB\LIBHOLTEKGCC.LIB)
     00h     00dfh     00dfh    0001h      DATA     2         @data_r104 (isr:ra~rh)
     00h     00e0h     00e0h    0001h      DATA     2         @data_r204 (isr:ra~rh)
     00h     00e1h     00e1h    0001h      DATA     2         @data_r110 (isr:ra~rh)
     00h     00e2h     00e2h    0001h      DATA     2         @data_r210 (isr:ra~rh)
     00h     00e3h     00e3h    0001h      DATA     2         @data_r114 (isr:ra~rh)
     00h     00e4h     00e4h    0001h      DATA     2         @data_r214 (isr:ra~rh)
     00h     00e5h     00e5h    0001h      DATA     2         @data_r314 (isr:ra~rh)
     00h     00e6h     00e6h    0001h      DATA     2         @data_r414 (isr:ra~rh)
     00h     00e7h     00e7h    0001h      DATA     2         @data_r514 (isr:ra~rh)
     00h     00e8h     00e8h    0001h      DATA     2         @data_r614 (isr:ra~rh)
     00h     00e9h     00e9h    0001h      DATA     2         @data_r714 (isr:ra~rh)
     00h     00eah     00eah    0001h      DATA     53        @data_rb14 (isr:ra~rh)
     00h     00ebh     00ebh    0001h      DATA     38        @data_rc14 (isr:ra~rh)
     00h     00ech     00ech    0001h      DATA     62        @data_ra14 (isr:ra~rh)
     00h     00edh     00edh    0001h      DATA     2         @data_r118 (isr:ra~rh)
     00h     00eeh     00eeh    0001h      DATA     2         @data_r218 (isr:ra~rh)
     00h     00efh     00efh    0001h      DATA     3         @data_rf14 (isr:ra~rh)
     00h     00f0h     00f0h    0001h      DATA     3         @data_rg14 (isr:ra~rh)
     00h     00f1h     00f1h    0001h      DATA     11        @data_rd14 (isr:ra~rh)
     00h     00f2h     00f2h    0001h      DATA     11        @data_re14 (isr:ra~rh)
     01h     0080h     00bbh    003ch      DATA     0         TKS_LIBRARY_DATA1 (C:\Users\cdh\AppData\Local\Temp\BS82D20A_LIBV413.OBJ)
     02h     0080h     00cfh    0050h      DATA     0         TKS_LIBRARY_DATA2 (C:\Users\cdh\AppData\Local\Temp\BS82D20A_LIBV413.OBJ)
     03h     0080h     00cfh    0050h      DATA     0         TKS_LIBRARY_DATA3 (C:\Users\cdh\AppData\Local\Temp\BS82D20A_LIBV413.OBJ)

     Local Sections

     Bank    Start     End      Length     Class    AvgIns    Name
     00h     00f6h     00f6h    0000h      LOCAL    0         @dummy4 (F:\SVNRepo\Project\BS82D20A_AOPU_5KEY\OUTPUT\USER_PROGRAM.OBJ)
     00h     00f6h     00f6h    0000h      LOCAL    0         _Interrupt_Extemal (F:\SVNRepo\Project\BS82D20A_AOPU_5KEY\OUTPUT\USER_PROGRAM.OBJ)
     00h     00f6h     00f6h    0000h      LOCAL    0         @dummy16 (F:\SVNRepo\Project\BS82D20A_AOPU_5KEY\OUTPUT\USER_PROGRAM.OBJ)
     00h     00f6h     00f6h    0000h      LOCAL    0         _Interrupt_CTM0P (F:\SVNRepo\Project\BS82D20A_AOPU_5KEY\OUTPUT\USER_PROGRAM.OBJ)
     00h     00f6h     00f6h    0000h      LOCAL    0         @dummy20 (F:\SVNRepo\Project\BS82D20A_AOPU_5KEY\OUTPUT\USER_PROGRAM.OBJ)
     00h     00f5h     00f5h    0001h      LOCAL    4         _Interrupt_CTM0A (F:\SVNRepo\Project\BS82D20A_AOPU_5KEY\OUTPUT\USER_PROGRAM.OBJ)
     00h     00f3h     00f3h    0000h      LOCAL    0         _AppTimerRun (F:\SVNRepo\Project\BS82D20A_AOPU_5KEY\OUTPUT\APPMAIN.OBJ)
     00h     00f3h     00f4h    0002h      LOCAL    3         _PeripheralSet (F:\SVNRepo\Project\BS82D20A_AOPU_5KEY\OUTPUT\APPMAIN.OBJ)
     00h     00f3h     00f3h    0000h      LOCAL    0         _LED_STANDBY_ON (F:\SVNRepo\Project\BS82D20A_AOPU_5KEY\OUTPUT\LED.OBJ)
     00h     00f3h     00f3h    0000h      LOCAL    0         _LED_STANDBY_OFF (F:\SVNRepo\Project\BS82D20A_AOPU_5KEY\OUTPUT\LED.OBJ)
     00h     00f3h     00f3h    0000h      LOCAL    0         _PeripheralSetAirHeating (F:\SVNRepo\Project\BS82D20A_AOPU_5KEY\OUTPUT\APPMAIN.OBJ)
     00h     00f3h     00f3h    0000h      LOCAL    0         _PeripheralUnsetAirHeating (F:\SVNRepo\Project\BS82D20A_AOPU_5KEY\OUTPUT\APPMAIN.OBJ)
     00h     00f3h     00f3h    0000h      LOCAL    0         _PeripheralSetAirChange (F:\SVNRepo\Project\BS82D20A_AOPU_5KEY\OUTPUT\APPMAIN.OBJ)
     00h     00f3h     00f3h    0000h      LOCAL    0         _PeripheralUnsetAirChange (F:\SVNRepo\Project\BS82D20A_AOPU_5KEY\OUTPUT\APPMAIN.OBJ)
     00h     00f3h     00f3h    0000h      LOCAL    0         _PeripheralSetAirBlow (F:\SVNRepo\Project\BS82D20A_AOPU_5KEY\OUTPUT\APPMAIN.OBJ)
     00h     00f3h     00f3h    0000h      LOCAL    0         _PeripheralUnsetAirBlow (F:\SVNRepo\Project\BS82D20A_AOPU_5KEY\OUTPUT\APPMAIN.OBJ)
     00h     00f3h     00f3h    0000h      LOCAL    0         _PeripheralSetLightHeating (F:\SVNRepo\Project\BS82D20A_AOPU_5KEY\OUTPUT\APPMAIN.OBJ)
     00h     00f3h     00f3h    0000h      LOCAL    0         _PeripheralUnsetLightHeating (F:\SVNRepo\Project\BS82D20A_AOPU_5KEY\OUTPUT\APPMAIN.OBJ)
     00h     00f4h     00f4h    0000h      LOCAL    0         _KeyScan (F:\SVNRepo\Project\BS82D20A_AOPU_5KEY\OUTPUT\KEY.OBJ)
     00h     00f4h     00f4h    0000h      LOCAL    0         _KeyDetect (F:\SVNRepo\Project\BS82D20A_AOPU_5KEY\OUTPUT\KEY.OBJ)
     00h     00f3h     00f3h    0001h      LOCAL    5         _readKey (F:\SVNRepo\Project\BS82D20A_AOPU_5KEY\OUTPUT\KEY.OBJ)
     00h     00f3h     00f3h    0000h      LOCAL    0         _BuzzIsr (F:\SVNRepo\Project\BS82D20A_AOPU_5KEY\OUTPUT\LED.OBJ)
     00h     00f3h     00f3h    0000h      LOCAL    0         _PTM0A_Stop (F:\SVNRepo\Project\BS82D20A_AOPU_5KEY\OUTPUT\TIMER.OBJ)
     00h     00f3h     00f3h    0000h      LOCAL    0         @dummy24 (F:\SVNRepo\Project\BS82D20A_AOPU_5KEY\OUTPUT\USER_PROGRAM.OBJ)
     00h     00f3h     00f3h    0000h      LOCAL    0         _Interrupt_PTM1A (F:\SVNRepo\Project\BS82D20A_AOPU_5KEY\OUTPUT\USER_PROGRAM.OBJ)
     00h     00f9h     00f9h    0000h      LOCAL    0         _USER_PROGRAM_INITIAL (F:\SVNRepo\Project\BS82D20A_AOPU_5KEY\OUTPUT\USER_PROGRAM.OBJ)
     00h     00f9h     00f9h    0000h      LOCAL    0         _AppMainInit (F:\SVNRepo\Project\BS82D20A_AOPU_5KEY\OUTPUT\APPMAIN.OBJ)
     00h     00f6h     00f6h    0000h      LOCAL    0         _LedInit (F:\SVNRepo\Project\BS82D20A_AOPU_5KEY\OUTPUT\LED.OBJ)
     00h     00f6h     00f6h    0000h      LOCAL    0         _KeyInit (F:\SVNRepo\Project\BS82D20A_AOPU_5KEY\OUTPUT\KEY.OBJ)
     00h     00f6h     00f6h    0000h      LOCAL    0         _TimerInit (F:\SVNRepo\Project\BS82D20A_AOPU_5KEY\OUTPUT\TIMER.OBJ)
     00h     00f6h     00f6h    0000h      LOCAL    0         _PTM0AInit (F:\SVNRepo\Project\BS82D20A_AOPU_5KEY\OUTPUT\TIMER.OBJ)
     00h     00f9h     00f9h    0000h      LOCAL    0         _UartInitial (F:\SVNRepo\Project\BS82D20A_AOPU_5KEY\OUTPUT\UART.OBJ)
     00h     00f7h     00f8h    0002h      LOCAL    3         _DebugString (F:\SVNRepo\Project\BS82D20A_AOPU_5KEY\OUTPUT\UART.OBJ)
     00h     00f6h     00f6h    0001h      LOCAL    2         _UART_SendByte (F:\SVNRepo\Project\BS82D20A_AOPU_5KEY\OUTPUT\UART.OBJ)
     00h     00f6h     00f6h    0000h      LOCAL    0         _Crom2Prom (CROM2PROM)
     00h     00ffh     00ffh    0000h      LOCAL    0         _USER_PROGRAM (F:\SVNRepo\Project\BS82D20A_AOPU_5KEY\OUTPUT\USER_PROGRAM.OBJ)
     00h     00fdh     00feh    0002h      LOCAL    7         _AppTask (F:\SVNRepo\Project\BS82D20A_AOPU_5KEY\OUTPUT\APPMAIN.OBJ)
     00h     00f6h     00f6h    0000h      LOCAL    0         _LedAllOn (F:\SVNRepo\Project\BS82D20A_AOPU_5KEY\OUTPUT\LED.OBJ)
     00h     00f6h     00f7h    0002h      LOCAL    10        _APP_TIMER_Set (F:\SVNRepo\Project\BS82D20A_AOPU_5KEY\OUTPUT\TIMER.OBJ)
     00h     00f6h     00f9h    0004h      LOCAL    8         _APP_TIMER_Expired (F:\SVNRepo\Project\BS82D20A_AOPU_5KEY\OUTPUT\TIMER.OBJ)
     00h     00f6h     00f6h    0000h      LOCAL    0         _LedAllOff (F:\SVNRepo\Project\BS82D20A_AOPU_5KEY\OUTPUT\LED.OBJ)
     00h     00f6h     00f6h    0001h      LOCAL    0         _BuzzMs (F:\SVNRepo\Project\BS82D20A_AOPU_5KEY\OUTPUT\LED.OBJ)
     00h     00f6h     00f6h    0000h      LOCAL    0         _PTM0A_Start (F:\SVNRepo\Project\BS82D20A_AOPU_5KEY\OUTPUT\TIMER.OBJ)
     00h     00f6h     00f6h    0000h      LOCAL    0         _GetKeyMsg (F:\SVNRepo\Project\BS82D20A_AOPU_5KEY\OUTPUT\KEY.OBJ)
     00h     00f7h     00f8h    0002h      LOCAL    6         _BuzzDeal (F:\SVNRepo\Project\BS82D20A_AOPU_5KEY\OUTPUT\APPMAIN.OBJ)
     00h     00f6h     00f6h    0000h      LOCAL    0         _LedShowModle (F:\SVNRepo\Project\BS82D20A_AOPU_5KEY\OUTPUT\LED.OBJ)
     00h     00fah     00fah    0001h      LOCAL    13        _LedShowCycle (F:\SVNRepo\Project\BS82D20A_AOPU_5KEY\OUTPUT\LED.OBJ)
     00h     00fah     00fah    0001h      LOCAL    8         _JKShowCycle (F:\SVNRepo\Project\BS82D20A_AOPU_5KEY\OUTPUT\LED.OBJ)
     00h     00fah     00fch    0003h      LOCAL    5.3333    _KeyShowCycle (F:\SVNRepo\Project\BS82D20A_AOPU_5KEY\OUTPUT\LED.OBJ)

     Public Symbols Information
     Address            Public by Name
     00b4h[3]           _ANY_KEY_PRESSF
     0b48h              _APP_TIMER_Expired
     00f9h              _APP_TIMER_Expired_2
     0b59h              _APP_TIMER_Set
     00b7h              _AppData
     0652h              _AppMainInit
     07c7h              _AppTask
     0737h              _AppTimerRun
     001ch              _BS82D20A_LIBV413
     00d3h              _BS82D20A_LIBV413_INITIAL
     07abh              _BuzzDeal
     00f7h              _BuzzDeal_2
     0b1ah              _BuzzIsr
     0b15h              _BuzzMs
     015fh              _CHECK_KEY_WAKEUP
     0b85h              _Crom2Prom
     0b85h              _Crom2PromNext
     0097h              _DATA_BUF
     0b6bh              _DebugString
     00b4h[0]           _FORCE_CALIBRATEF
     0509h              _GET_ENV_VALUE
     04fdh              _GET_KEY_AMOUNT
     04ffh              _GET_KEY_BITMAP
     04f8h              _GET_LIB_VER
     0506h              _GET_RCC_VALUE
     050ch              _GET_REF_VALUE
     0080h              _GLOBE_VARIES
     09b1h              _GetKeyMsg
     05beh              _Interrupt_CTM0A
     05b9h              _Interrupt_CTM0P
     05b4h              _Interrupt_Extemal
     0635h              _Interrupt_PTM1A
     0a34h              _JKShowCycle
     00a5h              _KEY_DATA
     00a2h              _KEY_IO_SEL
     0280h              _KEY_REF
     0180h              _KEY_STATUS
     0940h              _KeyDetect
     000ah              _KeyInit
     0948h              _KeyScan
     0a8eh              _KeyShowCycle
     09c0h              _LED_STANDBY_OFF
     09bdh              _LED_STANDBY_ON
     00d3h              _LIBRARY_RESET
     0565h              _LOAD_HXT_REFERENCE
     0565h              _LOAD_TKS_GLOBE_VARIES
     09cah              _LedAllOff
     09c3h              _LedAllOn
     000bh              _LedInit
     09d9h              _LedShowCycle
     09d1h              _LedShowModle
     0b36h              _PTM0AInit
     0b44h              _PTM0A_Start
     0b46h              _PTM0A_Stop
     069ah              _PeripheralSet
     0673h              _PeripheralSetAirBlow
     068ah              _PeripheralSetAirChange
     0680h              _PeripheralSetAirHeating
     0693h              _PeripheralSetLightHeating
     0679h              _PeripheralUnsetAirBlow
     0690h              _PeripheralUnsetAirChange
     0687h              _PeripheralUnsetAirHeating
     0697h              _PeripheralUnsetLightHeating
     009fh              _SAMPLE_TIMES
     00b4h[2]           _SCAN_CYCLEF
     00a0h              _STANDBY_TIME
     00b4h[5]           _TKS_250MSF
     00b4h[6]           _TKS_500MSF
     00b4h[4]           _TKS_63MSF
     00b4h[1]           _TKS_ACTIVEF
     00b4h              _TKS_FLAGA
     00a1h              _TKS_TIME_BASE
     0b26h              _TimerInit
     0b65h              _UART_SendByte
     0649h              _USER_PROGRAM
     063ah              _USER_PROGRAM_INITIAL
     0b7ah              _UartInitial
     00d4h              _keyCounter
     0919h              _readKey
     00dfh              r104
     00e1h              r110
     00e3h              r114
     00edh              r118
     00e0h              r204
     00e2h              r210
     00e4h              r214
     00eeh              r218
     00e5h              r314
     00e6h              r414
     00e7h              r514
     00e8h              r614
     00e9h              r714
     00dbh              ra
     00ech              ra14
     00dch              rb
     00eah              rb14
     00ebh              rc14
     00ddh              rd
     00f1h              rd14
     00deh              re
     00f2h              re14
     00efh              rf14
     00f0h              rg14

     Address            Public by Value
     000ah              _KeyInit
     000bh              _LedInit
     001ch              _BS82D20A_LIBV413
     0080h              _GLOBE_VARIES
     0097h              _DATA_BUF
     009fh              _SAMPLE_TIMES
     00a0h              _STANDBY_TIME
     00a1h              _TKS_TIME_BASE
     00a2h              _KEY_IO_SEL
     00a5h              _KEY_DATA
     00b4h              _TKS_FLAGA
     00b7h              _AppData
     00d3h              _LIBRARY_RESET
     00d3h              _BS82D20A_LIBV413_INITIAL
     00d4h              _keyCounter
     00dbh              ra
     00dch              rb
     00ddh              rd
     00deh              re
     00dfh              r104
     00e0h              r204
     00e1h              r110
     00e2h              r210
     00e3h              r114
     00e4h              r214
     00e5h              r314
     00e6h              r414
     00e7h              r514
     00e8h              r614
     00e9h              r714
     00eah              rb14
     00ebh              rc14
     00ech              ra14
     00edh              r118
     00eeh              r218
     00efh              rf14
     00f0h              rg14
     00f1h              rd14
     00f2h              re14
     00f7h              _BuzzDeal_2
     00f9h              _APP_TIMER_Expired_2
     015fh              _CHECK_KEY_WAKEUP
     0180h              _KEY_STATUS
     0280h              _KEY_REF
     04f8h              _GET_LIB_VER
     04fdh              _GET_KEY_AMOUNT
     04ffh              _GET_KEY_BITMAP
     0506h              _GET_RCC_VALUE
     0509h              _GET_ENV_VALUE
     050ch              _GET_REF_VALUE
     0565h              _LOAD_HXT_REFERENCE
     0565h              _LOAD_TKS_GLOBE_VARIES
     00b4h[0]           _FORCE_CALIBRATEF
     00b4h[1]           _TKS_ACTIVEF
     00b4h[2]           _SCAN_CYCLEF
     00b4h[3]           _ANY_KEY_PRESSF
     00b4h[4]           _TKS_63MSF
     00b4h[5]           _TKS_250MSF
     00b4h[6]           _TKS_500MSF
     05b4h              _Interrupt_Extemal
     05b9h              _Interrupt_CTM0P
     05beh              _Interrupt_CTM0A
     0635h              _Interrupt_PTM1A
     063ah              _USER_PROGRAM_INITIAL
     0649h              _USER_PROGRAM
     0652h              _AppMainInit
     0673h              _PeripheralSetAirBlow
     0679h              _PeripheralUnsetAirBlow
     0680h              _PeripheralSetAirHeating
     0687h              _PeripheralUnsetAirHeating
     068ah              _PeripheralSetAirChange
     0690h              _PeripheralUnsetAirChange
     0693h              _PeripheralSetLightHeating
     0697h              _PeripheralUnsetLightHeating
     069ah              _PeripheralSet
     0737h              _AppTimerRun
     07abh              _BuzzDeal
     07c7h              _AppTask
     0919h              _readKey
     0940h              _KeyDetect
     0948h              _KeyScan
     09b1h              _GetKeyMsg
     09bdh              _LED_STANDBY_ON
     09c0h              _LED_STANDBY_OFF
     09c3h              _LedAllOn
     09cah              _LedAllOff
     09d1h              _LedShowModle
     09d9h              _LedShowCycle
     0a34h              _JKShowCycle
     0a8eh              _KeyShowCycle
     0b15h              _BuzzMs
     0b1ah              _BuzzIsr
     0b26h              _TimerInit
     0b36h              _PTM0AInit
     0b44h              _PTM0A_Start
     0b46h              _PTM0A_Stop
     0b48h              _APP_TIMER_Expired
     0b59h              _APP_TIMER_Set
     0b65h              _UART_SendByte
     0b6bh              _DebugString
     0b7ah              _UartInitial
     0b85h              _Crom2Prom
     0b85h              _Crom2PromNext


ROM Usage Statistics
     Size      Used     Percentage
     2000h     0b95h    36%

RAM Usage Statistics
    Bank      Size      Used     Percentage
     00h       0080h     007fh    99%
     01h       0080h     003ch    46%
     02h       0080h     0050h    62%
     03h       0080h     0050h    62%
     04h       0080h     0004h    3%
     05h       0080h     0000h    0%
     Total     0300h     015fh    45%

Use Stack Count
_Interrupt_Extemal: 0
_Interrupt_CTM0P: 0
_Interrupt_CTM0A: 3
_Interrupt_PTM1A: 0
_USER_PROGRAM_INITIAL: 4
_USER_PROGRAM: 4

Call Tree
    @dummy4
        _Interrupt_Extemal (0)
    @dummy16
        _Interrupt_CTM0P (0)
    @dummy20
        _Interrupt_CTM0A (0)
            _AppTimerRun (1)
            _PeripheralSet (1)
                _LED_STANDBY_ON (2)
                _LED_STANDBY_OFF (2)
                _PeripheralSetAirHeating (2)
                    _LED_STANDBY_OFF (3)
                _PeripheralUnsetAirHeating (2)
                _PeripheralSetAirChange (2)
                    _LED_STANDBY_OFF (3)
                _PeripheralUnsetAirChange (2)
                _PeripheralSetAirBlow (2)
                    _LED_STANDBY_OFF (3)
                _PeripheralUnsetAirBlow (2)
                _PeripheralSetLightHeating (2)
                    _LED_STANDBY_OFF (3)
                _PeripheralUnsetLightHeating (2)
            _KeyScan (1)
                _KeyDetect (2)
                    _readKey (3)
            _BuzzIsr (1)
                _PTM0A_Stop (2)
    @dummy24
        _Interrupt_PTM1A (0)
    _USER_PROGRAM_INITIAL
        _AppMainInit (0)
            _LedInit (1)
            _KeyInit (1)
            _TimerInit (1)
            _PTM0AInit (1)
            _UartInitial (1)
                _DebugString (2)
                    _UART_SendByte (3)
                    _Crom2Prom (3)
    _USER_PROGRAM
        _AppTask (0)
            _LedAllOn (1)
            _APP_TIMER_Set (1)
            _APP_TIMER_Expired (1)
            _LedAllOff (1)
            _BuzzMs (1)
                _PTM0A_Start (2)
            _GetKeyMsg (1)
            _BuzzDeal (1)
                _BuzzMs (2)
                    _PTM0A_Start (3)
            _LedShowModle (1)
                _GetKeyMsg (2)
            _LedShowCycle (1)
                _GetKeyMsg (2)
                _APP_TIMER_Expired (2)
                _APP_TIMER_Set (2)
                _LedAllOff (2)
            _JKShowCycle (1)
                _GetKeyMsg (2)
                _APP_TIMER_Expired (2)
                _APP_TIMER_Set (2)
                _LED_STANDBY_OFF (2)
            _KeyShowCycle (1)
                _APP_TIMER_Expired (2)
                _APP_TIMER_Set (2)
                _GetKeyMsg (2)
                _LED_STANDBY_OFF (2)
                _LED_STANDBY_ON (2)

HLINK : 程序的开始执行点在程序段'PROGRAM_ENTRY'（地址0）。定义在'F:\SVNRepo\Project\BS82D20A_AOPU_5KEY\OUTPUT\MAIN_PROGRAM_V103.OBJ' 文件中

错误总数 : 0  警告总数 : 0
